<testsuites id="" name="" tests="50" failures="0" skipped="50" errors="0" time="10.184537">
<testsuite name="tests/Employee_Management.spec.ts" timestamp="2025-09-08T06:12:04.812Z" hostname="chromium" tests="50" failures="0" skipped="50" time="27.336" errors="0">
<testcase name="&apos;Employee Management module&apos; › Navigating to the Employee Directory tab." classname="tests/Employee_Management.spec.ts" time="7.889">
<skipped>
</skipped>
</testcase>
<testcase name="&apos;Employee Management module&apos; › Verify Search Functionality and Validate Employee Card Details and Count" classname="tests/Employee_Management.spec.ts" time="4.701">
<skipped>
</skipped>
</testcase>
<testcase name="&apos;Employee Management module&apos; › Verify NoRecordMessage For Invalid Employee Search" classname="tests/Employee_Management.spec.ts" time="7.463">
<skipped>
</skipped>
</testcase>
<testcase name="&apos;Employee Management module&apos; › verify Employee Count Matches After Department Filter Applied" classname="tests/Employee_Management.spec.ts" time="7.283">
<skipped>
</skipped>
</testcase>
<testcase name="&apos;Employee Management module&apos; › verify Employee Count After Selecting Status Filter" classname="tests/Employee_Management.spec.ts" time="0">
<skipped>
</skipped>
</testcase>
<testcase name="&apos;Employee Management module&apos; › verify Department Filter Results With Or Without Employees" classname="tests/Employee_Management.spec.ts" time="0">
<skipped>
</skipped>
</testcase>
<testcase name="&apos;Employee Management module&apos; › verify Status Filter Results With Or Without Employees" classname="tests/Employee_Management.spec.ts" time="0">
<skipped>
</skipped>
</testcase>
<testcase name="&apos;Employee Management module&apos; › verify Employee Profile Name Matches Card Name " classname="tests/Employee_Management.spec.ts" time="0">
<skipped>
</skipped>
</testcase>
<testcase name="&apos;Employee Management module&apos; › verify BasicInfo Accordion Displays Correctly In Employee Profile" classname="tests/Employee_Management.spec.ts" time="0">
<skipped>
</skipped>
</testcase>
<testcase name="&apos;Employee Management module&apos; › Verify Basic Info Accordion Toggle Behavior" classname="tests/Employee_Management.spec.ts" time="0">
<skipped>
</skipped>
</testcase>
<testcase name="&apos;Employee Management module&apos; › verify Validation Message When First Name Is Cleared In BasicInfo" classname="tests/Employee_Management.spec.ts" time="0">
<skipped>
</skipped>
</testcase>
<testcase name="&apos;Employee Management module&apos; › verify Validation Message When Last Name Is Cleared In BasicInfo" classname="tests/Employee_Management.spec.ts" time="0">
<skipped>
</skipped>
</testcase>
<testcase name="&apos;Employee Management module&apos; › verify BasicInfo Remains Unchanged After Closing Edit Form" classname="tests/Employee_Management.spec.ts" time="0">
<skipped>
</skipped>
</testcase>
<testcase name="&apos;Employee Management module&apos; › verify Profile Update With Random Basic Info Fields" classname="tests/Employee_Management.spec.ts" time="0">
<skipped>
</skipped>
</testcase>
<testcase name="&apos;Employee Management module&apos; › verify Work Accordion Accordion Displays Correctly In Employee Profile" classname="tests/Employee_Management.spec.ts" time="0">
<skipped>
</skipped>
</testcase>
<testcase name="&apos;Employee Management module&apos; › Verify Work Accordion Toggle Behavior" classname="tests/Employee_Management.spec.ts" time="0">
<skipped>
</skipped>
</testcase>
<testcase name="&apos;Employee Management module&apos; › verify Validation Message When WorkDate Is Cleared In Work" classname="tests/Employee_Management.spec.ts" time="0">
<skipped>
</skipped>
</testcase>
<testcase name="&apos;Employee Management module&apos; › verify Validation Message When EmployeeType no Option is selected In Work" classname="tests/Employee_Management.spec.ts" time="0">
<skipped>
</skipped>
</testcase>
<testcase name="&apos;Employee Management module&apos; › verify Work Remains Unchanged After Closing Edit Form" classname="tests/Employee_Management.spec.ts" time="0">
<skipped>
</skipped>
</testcase>
<testcase name="&apos;Employee Management module&apos; › verify Profile Update With Random Work Date Info Fields" classname="tests/Employee_Management.spec.ts" time="0">
<skipped>
</skipped>
</testcase>
<testcase name="&apos;Employee Management module&apos; › verify Personal Details Accordion Accordion Displays Correctly In Employee Profile" classname="tests/Employee_Management.spec.ts" time="0">
<skipped>
</skipped>
</testcase>
<testcase name="&apos;Employee Management module&apos; › Verify Personal Details Toggle Behavior" classname="tests/Employee_Management.spec.ts" time="0">
<skipped>
</skipped>
</testcase>
<testcase name="&apos;Employee Management module&apos; › verify Validation Message When Date Is Cleared In Perosnal Details" classname="tests/Employee_Management.spec.ts" time="0">
<skipped>
</skipped>
</testcase>
<testcase name="&apos;Employee Management module&apos; › verify Validation Message When Aadhaar number Is Cleared In Perosnal Details" classname="tests/Employee_Management.spec.ts" time="0">
<skipped>
</skipped>
</testcase>
<testcase name="&apos;Employee Management module&apos; › verify Validation Message When Pan number Is Cleared In Perosnal Details" classname="tests/Employee_Management.spec.ts" time="0">
<skipped>
</skipped>
</testcase>
<testcase name="&apos;Employee Management module&apos; › verify Validation Message When Present Address Is Cleared In Perosnal Details" classname="tests/Employee_Management.spec.ts" time="0">
<skipped>
</skipped>
</testcase>
<testcase name="&apos;Employee Management module&apos; › verify Validation Message When Blood Group option selects &apos;Select blood Group&apos; In Perosnal Details" classname="tests/Employee_Management.spec.ts" time="0">
<skipped>
</skipped>
</testcase>
<testcase name="&apos;Employee Management module&apos; › verify Validation Message When Marital status selects &apos;Select Marital Status&apos; In Perosnal Details" classname="tests/Employee_Management.spec.ts" time="0">
<skipped>
</skipped>
</testcase>
<testcase name="&apos;Employee Management module&apos; › verify Validation Message When Alternate number Is Cleared In Perosnal Details" classname="tests/Employee_Management.spec.ts" time="0">
<skipped>
</skipped>
</testcase>
<testcase name="&apos;Employee Management module&apos; › verify Validation Message When Permanent Address Is Cleared In Perosnal Details" classname="tests/Employee_Management.spec.ts" time="0">
<skipped>
</skipped>
</testcase>
<testcase name="&apos;Employee Management module&apos; › verify Validation Message When Passport Number Is Cleared In Perosnal Details" classname="tests/Employee_Management.spec.ts" time="0">
<skipped>
</skipped>
</testcase>
<testcase name="&apos;Employee Management module&apos; › verify Profile Update With Random Peronal Details clicking on closw button " classname="tests/Employee_Management.spec.ts" time="0">
<skipped>
</skipped>
</testcase>
<testcase name="&apos;Employee Management module&apos; › verify Profile Update With Random Perosnal details Info Fields" classname="tests/Employee_Management.spec.ts" time="0">
<skipped>
</skipped>
</testcase>
<testcase name="&apos;Employee Management module&apos; › verify Employee have work experience or not " classname="tests/Employee_Management.spec.ts" time="0">
<skipped>
</skipped>
</testcase>
<testcase name="&apos;Employee Management module&apos; › Verify Work Experience  Toggle Behavior" classname="tests/Employee_Management.spec.ts" time="0">
<skipped>
</skipped>
</testcase>
<testcase name="&apos;Employee Management module&apos; › verify Employee have Education or not " classname="tests/Employee_Management.spec.ts" time="0">
<skipped>
</skipped>
</testcase>
<testcase name="&apos;Employee Management module&apos; › Verify Education  Toggle Behavior" classname="tests/Employee_Management.spec.ts" time="0">
<skipped>
</skipped>
</testcase>
<testcase name="&apos;Employee Management module&apos; › verify Employee have Dependents or not " classname="tests/Employee_Management.spec.ts" time="0">
<skipped>
</skipped>
</testcase>
<testcase name="&apos;Employee Management module&apos; › Verify Dependents  Toggle Behavior" classname="tests/Employee_Management.spec.ts" time="0">
<skipped>
</skipped>
</testcase>
<testcase name="&apos;Employee Management module&apos; › Navigating to the Employee Directory tab &gt; Assigned Assets " classname="tests/Employee_Management.spec.ts" time="0">
<skipped>
</skipped>
</testcase>
<testcase name="&apos;Employee Management module&apos; › navigate to Employee Access Block " classname="tests/Employee_Management.spec.ts" time="0">
<skipped>
</skipped>
</testcase>
<testcase name="&apos;Employee Management module&apos; › Verify validation message appears in Employee access status  in  Employee Access Block " classname="tests/Employee_Management.spec.ts" time="0">
<skipped>
</skipped>
</testcase>
<testcase name="&apos;Employee Management module&apos; › should update employee access status to BLOCKED successfully " classname="tests/Employee_Management.spec.ts" time="0">
<skipped>
</skipped>
</testcase>
<testcase name="&apos;Employee Management module&apos; › should update BLOCKED employee status to VERIFIED and confirm card appears in list" classname="tests/Employee_Management.spec.ts" time="0">
<skipped>
</skipped>
</testcase>
<testcase name="&apos;Employee Management module&apos; › should update BLOCKED employee to LEFTOUT and verify card appears in LEFTOUT list" classname="tests/Employee_Management.spec.ts" time="0">
<properties>
<property name="skip" value="">
</property>
</properties>
<skipped>
</skipped>
</testcase>
<testcase name="&apos;Employee Management module&apos; › should Display LeftOut Fields When Status Is LeftOut " classname="tests/Employee_Management.spec.ts" time="0">
<skipped>
</skipped>
</testcase>
<testcase name="&apos;Employee Management module&apos; › shouldShowValidationMessageWhenLeftOutDateIsEmpty" classname="tests/Employee_Management.spec.ts" time="0">
<skipped>
</skipped>
</testcase>
<testcase name="&apos;Employee Management module&apos; › shouldShowValidationMessageWhenLeftOutCommentIsEmpty" classname="tests/Employee_Management.spec.ts" time="0">
<skipped>
</skipped>
</testcase>
<testcase name="&apos;Employee Management module&apos; › should Disable Employee Access Permanently" classname="tests/Employee_Management.spec.ts" time="0">
<properties>
<property name="skip" value="">
</property>
</properties>
<skipped>
</skipped>
</testcase>
<testcase name="&apos;Employee Management module&apos; › should show no records or fail to update left out employee status to verified" classname="tests/Employee_Management.spec.ts" time="0">
<skipped>
</skipped>
</testcase>
</testsuite>
</testsuites>